AR counter behavioral C:/My_Designs/cevacelalfa/COUNTER.vhd sub00/vhpl03 1558182138
EN rom_cuvinte NULL C:/My_Designs/proiecct/projectus/src/rom_cuvinte.vhd sub00/vhpl00 1558182139
AR rom_cuvinte beh C:/My_Designs/proiecct/projectus/src/rom_cuvinte.vhd sub00/vhpl01 1558182140
EN counter NULL C:/My_Designs/cevacelalfa/COUNTER.vhd sub00/vhpl02 1558182137
